REBUILT NF-UNSW-NB15-v2__multiclass__edge_mlp__seed11 (1/72) test_macro_f1=0.418565
REBUILT NF-UNSW-NB15-v2__multiclass__edge_mlp__seed22 (2/72) test_macro_f1=0.421710
REBUILT NF-UNSW-NB15-v2__multiclass__edge_mlp__seed33 (3/72) test_macro_f1=0.400399
REBUILT NF-UNSW-NB15-v2__multiclass__sage__seed11 (4/72) test_macro_f1=0.490288
REBUILT NF-UNSW-NB15-v2__multiclass__sage__seed22 (5/72) test_macro_f1=0.492918
REBUILT NF-UNSW-NB15-v2__multiclass__sage__seed33 (6/72) test_macro_f1=0.477777
REBUILT NF-UNSW-NB15-v2__multiclass__sage_edge__seed11 (7/72) test_macro_f1=0.489016
REBUILT NF-UNSW-NB15-v2__multiclass__sage_edge__seed22 (8/72) test_macro_f1=0.480996
REBUILT NF-UNSW-NB15-v2__multiclass__sage_edge__seed33 (9/72) test_macro_f1=0.487726
REBUILT NF-UNSW-NB15-v2__binary__edge_mlp__seed11 (10/72) test_macro_f1=0.964574
REBUILT NF-UNSW-NB15-v2__binary__edge_mlp__seed22 (11/72) test_macro_f1=0.964733
REBUILT NF-UNSW-NB15-v2__binary__edge_mlp__seed33 (12/72) test_macro_f1=0.964008
REBUILT NF-UNSW-NB15-v2__binary__sage__seed11 (13/72) test_macro_f1=0.970195
REBUILT NF-UNSW-NB15-v2__binary__sage__seed22 (14/72) test_macro_f1=0.969898
REBUILT NF-UNSW-NB15-v2__binary__sage__seed33 (15/72) test_macro_f1=0.969845
REBUILT NF-UNSW-NB15-v2__binary__sage_edge__seed11 (16/72) test_macro_f1=0.970554
REBUILT NF-UNSW-NB15-v2__binary__sage_edge__seed22 (17/72) test_macro_f1=0.969787
REBUILT NF-UNSW-NB15-v2__binary__sage_edge__seed33 (18/72) test_macro_f1=0.969797
REBUILT NF-BoT-IoT-v2__multiclass__edge_mlp__seed11 (19/72) test_macro_f1=0.815337
REBUILT NF-BoT-IoT-v2__multiclass__edge_mlp__seed22 (20/72) test_macro_f1=0.816161
REBUILT NF-BoT-IoT-v2__multiclass__edge_mlp__seed33 (21/72) test_macro_f1=0.812568
REBUILT NF-BoT-IoT-v2__multiclass__sage__seed11 (22/72) test_macro_f1=0.546022
REBUILT NF-BoT-IoT-v2__multiclass__sage__seed22 (23/72) test_macro_f1=0.580324
REBUILT NF-BoT-IoT-v2__multiclass__sage__seed33 (24/72) test_macro_f1=0.583133
REBUILT NF-BoT-IoT-v2__multiclass__sage_edge__seed11 (25/72) test_macro_f1=0.829256
REBUILT NF-BoT-IoT-v2__multiclass__sage_edge__seed22 (26/72) test_macro_f1=0.814074
REBUILT NF-BoT-IoT-v2__multiclass__sage_edge__seed33 (27/72) test_macro_f1=0.808101
REBUILT NF-BoT-IoT-v2__binary__edge_mlp__seed11 (28/72) test_macro_f1=0.912604
REBUILT NF-BoT-IoT-v2__binary__edge_mlp__seed22 (29/72) test_macro_f1=0.914510
REBUILT NF-BoT-IoT-v2__binary__edge_mlp__seed33 (30/72) test_macro_f1=0.907113
REBUILT NF-BoT-IoT-v2__binary__sage__seed11 (31/72) test_macro_f1=0.805339
REBUILT NF-BoT-IoT-v2__binary__sage__seed22 (32/72) test_macro_f1=0.790001
REBUILT NF-BoT-IoT-v2__binary__sage__seed33 (33/72) test_macro_f1=0.815536
REBUILT NF-BoT-IoT-v2__binary__sage_edge__seed11 (34/72) test_macro_f1=0.914111
REBUILT NF-BoT-IoT-v2__binary__sage_edge__seed22 (35/72) test_macro_f1=0.879677
REBUILT NF-BoT-IoT-v2__binary__sage_edge__seed33 (36/72) test_macro_f1=0.860201
REBUILT NF-ToN-IoT-v2__multiclass__edge_mlp__seed11 (37/72) test_macro_f1=0.702891
REBUILT NF-ToN-IoT-v2__multiclass__edge_mlp__seed22 (38/72) test_macro_f1=0.706023
REBUILT NF-ToN-IoT-v2__multiclass__edge_mlp__seed33 (39/72) test_macro_f1=0.703773
REBUILT NF-ToN-IoT-v2__multiclass__sage__seed11 (40/72) test_macro_f1=0.745843
REBUILT NF-ToN-IoT-v2__multiclass__sage__seed22 (41/72) test_macro_f1=0.744238
REBUILT NF-ToN-IoT-v2__multiclass__sage__seed33 (42/72) test_macro_f1=0.755892
REBUILT NF-ToN-IoT-v2__multiclass__sage_edge__seed11 (43/72) test_macro_f1=0.771059
REBUILT NF-ToN-IoT-v2__multiclass__sage_edge__seed22 (44/72) test_macro_f1=0.766097
REBUILT NF-ToN-IoT-v2__multiclass__sage_edge__seed33 (45/72) test_macro_f1=0.771140
REBUILT NF-ToN-IoT-v2__binary__edge_mlp__seed11 (46/72) test_macro_f1=0.970483
REBUILT NF-ToN-IoT-v2__binary__edge_mlp__seed22 (47/72) test_macro_f1=0.970457
REBUILT NF-ToN-IoT-v2__binary__edge_mlp__seed33 (48/72) test_macro_f1=0.971492
REBUILT NF-ToN-IoT-v2__binary__sage__seed11 (49/72) test_macro_f1=0.975164
REBUILT NF-ToN-IoT-v2__binary__sage__seed22 (50/72) test_macro_f1=0.976809
REBUILT NF-ToN-IoT-v2__binary__sage__seed33 (51/72) test_macro_f1=0.978329
REBUILT NF-ToN-IoT-v2__binary__sage_edge__seed11 (52/72) test_macro_f1=0.980789
REBUILT NF-ToN-IoT-v2__binary__sage_edge__seed22 (53/72) test_macro_f1=0.980296
REBUILT NF-ToN-IoT-v2__binary__sage_edge__seed33 (54/72) test_macro_f1=0.980824
REBUILT NF-CSE-CIC-IDS2018-v2__multiclass__edge_mlp__seed11 (55/72) test_macro_f1=0.664172
REBUILT NF-CSE-CIC-IDS2018-v2__multiclass__edge_mlp__seed22 (56/72) test_macro_f1=0.662852
REBUILT NF-CSE-CIC-IDS2018-v2__multiclass__edge_mlp__seed33 (57/72) test_macro_f1=0.655030
REBUILT NF-CSE-CIC-IDS2018-v2__multiclass__sage__seed11 (58/72) test_macro_f1=0.709511
REBUILT NF-CSE-CIC-IDS2018-v2__multiclass__sage__seed22 (59/72) test_macro_f1=0.669429
REBUILT NF-CSE-CIC-IDS2018-v2__multiclass__sage__seed33 (60/72) test_macro_f1=0.717452
REBUILT NF-CSE-CIC-IDS2018-v2__multiclass__sage_edge__seed11 (61/72) test_macro_f1=0.690367
REBUILT NF-CSE-CIC-IDS2018-v2__multiclass__sage_edge__seed22 (62/72) test_macro_f1=0.692850
REBUILT NF-CSE-CIC-IDS2018-v2__multiclass__sage_edge__seed33 (63/72) test_macro_f1=0.678010
REBUILT NF-CSE-CIC-IDS2018-v2__binary__edge_mlp__seed11 (64/72) test_macro_f1=0.984404
REBUILT NF-CSE-CIC-IDS2018-v2__binary__edge_mlp__seed22 (65/72) test_macro_f1=0.982531
REBUILT NF-CSE-CIC-IDS2018-v2__binary__edge_mlp__seed33 (66/72) test_macro_f1=0.983274
REBUILT NF-CSE-CIC-IDS2018-v2__binary__sage__seed11 (67/72) test_macro_f1=0.984131
REBUILT NF-CSE-CIC-IDS2018-v2__binary__sage__seed22 (68/72) test_macro_f1=0.986202
REBUILT NF-CSE-CIC-IDS2018-v2__binary__sage__seed33 (69/72) test_macro_f1=0.983272
REBUILT NF-CSE-CIC-IDS2018-v2__binary__sage_edge__seed11 (70/72) test_macro_f1=0.983528
REBUILT NF-CSE-CIC-IDS2018-v2__binary__sage_edge__seed22 (71/72) test_macro_f1=0.986066
REBUILT NF-CSE-CIC-IDS2018-v2__binary__sage_edge__seed33 (72/72) test_macro_f1=0.986617
Rebuilt or confirmed 72/72 runs
REBUILT NF-UNSW-NB15-v2__multiclass__edge_mlp__seed11 (1/72) test_macro_f1=0.418565
REBUILT NF-UNSW-NB15-v2__multiclass__edge_mlp__seed22 (2/72) test_macro_f1=0.421710
REBUILT NF-UNSW-NB15-v2__multiclass__edge_mlp__seed33 (3/72) test_macro_f1=0.400399
REBUILT NF-UNSW-NB15-v2__multiclass__sage__seed11 (4/72) test_macro_f1=0.490288
REBUILT NF-UNSW-NB15-v2__multiclass__sage__seed22 (5/72) test_macro_f1=0.492918
REBUILT NF-UNSW-NB15-v2__multiclass__sage__seed33 (6/72) test_macro_f1=0.477777
REBUILT NF-UNSW-NB15-v2__multiclass__sage_edge__seed11 (7/72) test_macro_f1=0.489016
REBUILT NF-UNSW-NB15-v2__multiclass__sage_edge__seed22 (8/72) test_macro_f1=0.480996
REBUILT NF-UNSW-NB15-v2__multiclass__sage_edge__seed33 (9/72) test_macro_f1=0.487726
REBUILT NF-UNSW-NB15-v2__binary__edge_mlp__seed11 (10/72) test_macro_f1=0.964574
REBUILT NF-UNSW-NB15-v2__binary__edge_mlp__seed22 (11/72) test_macro_f1=0.964733
REBUILT NF-UNSW-NB15-v2__binary__edge_mlp__seed33 (12/72) test_macro_f1=0.964008
REBUILT NF-UNSW-NB15-v2__binary__sage__seed11 (13/72) test_macro_f1=0.970195
REBUILT NF-UNSW-NB15-v2__binary__sage__seed22 (14/72) test_macro_f1=0.969898
REBUILT NF-UNSW-NB15-v2__binary__sage__seed33 (15/72) test_macro_f1=0.969845
REBUILT NF-UNSW-NB15-v2__binary__sage_edge__seed11 (16/72) test_macro_f1=0.970554
REBUILT NF-UNSW-NB15-v2__binary__sage_edge__seed22 (17/72) test_macro_f1=0.969787
REBUILT NF-UNSW-NB15-v2__binary__sage_edge__seed33 (18/72) test_macro_f1=0.969797
REBUILT NF-BoT-IoT-v2__multiclass__edge_mlp__seed11 (19/72) test_macro_f1=0.815337
REBUILT NF-BoT-IoT-v2__multiclass__edge_mlp__seed22 (20/72) test_macro_f1=0.816161
REBUILT NF-BoT-IoT-v2__multiclass__edge_mlp__seed33 (21/72) test_macro_f1=0.812568
REBUILT NF-BoT-IoT-v2__multiclass__sage__seed11 (22/72) test_macro_f1=0.546022
REBUILT NF-BoT-IoT-v2__multiclass__sage__seed22 (23/72) test_macro_f1=0.580324
REBUILT NF-BoT-IoT-v2__multiclass__sage__seed33 (24/72) test_macro_f1=0.583132
REBUILT NF-BoT-IoT-v2__multiclass__sage_edge__seed11 (25/72) test_macro_f1=0.829256
REBUILT NF-BoT-IoT-v2__multiclass__sage_edge__seed22 (26/72) test_macro_f1=0.814074
REBUILT NF-BoT-IoT-v2__multiclass__sage_edge__seed33 (27/72) test_macro_f1=0.808101
REBUILT NF-BoT-IoT-v2__binary__edge_mlp__seed11 (28/72) test_macro_f1=0.912604
REBUILT NF-BoT-IoT-v2__binary__edge_mlp__seed22 (29/72) test_macro_f1=0.914510
REBUILT NF-BoT-IoT-v2__binary__edge_mlp__seed33 (30/72) test_macro_f1=0.907113
REBUILT NF-BoT-IoT-v2__binary__sage__seed11 (31/72) test_macro_f1=0.805339
REBUILT NF-BoT-IoT-v2__binary__sage__seed22 (32/72) test_macro_f1=0.790001
REBUILT NF-BoT-IoT-v2__binary__sage__seed33 (33/72) test_macro_f1=0.815536
REBUILT NF-BoT-IoT-v2__binary__sage_edge__seed11 (34/72) test_macro_f1=0.914111
REBUILT NF-BoT-IoT-v2__binary__sage_edge__seed22 (35/72) test_macro_f1=0.879677
REBUILT NF-BoT-IoT-v2__binary__sage_edge__seed33 (36/72) test_macro_f1=0.860201
REBUILT NF-ToN-IoT-v2__multiclass__edge_mlp__seed11 (37/72) test_macro_f1=0.702891
REBUILT NF-ToN-IoT-v2__multiclass__edge_mlp__seed22 (38/72) test_macro_f1=0.706023
REBUILT NF-ToN-IoT-v2__multiclass__edge_mlp__seed33 (39/72) test_macro_f1=0.703773
REBUILT NF-ToN-IoT-v2__multiclass__sage__seed11 (40/72) test_macro_f1=0.745843
REBUILT NF-ToN-IoT-v2__multiclass__sage__seed22 (41/72) test_macro_f1=0.744238
REBUILT NF-ToN-IoT-v2__multiclass__sage__seed33 (42/72) test_macro_f1=0.755892
REBUILT NF-ToN-IoT-v2__multiclass__sage_edge__seed11 (43/72) test_macro_f1=0.771059
REBUILT NF-ToN-IoT-v2__multiclass__sage_edge__seed22 (44/72) test_macro_f1=0.766097
REBUILT NF-ToN-IoT-v2__multiclass__sage_edge__seed33 (45/72) test_macro_f1=0.771140
REBUILT NF-ToN-IoT-v2__binary__edge_mlp__seed11 (46/72) test_macro_f1=0.970483
REBUILT NF-ToN-IoT-v2__binary__edge_mlp__seed22 (47/72) test_macro_f1=0.970457
REBUILT NF-ToN-IoT-v2__binary__edge_mlp__seed33 (48/72) test_macro_f1=0.971492
REBUILT NF-ToN-IoT-v2__binary__sage__seed11 (49/72) test_macro_f1=0.975164
REBUILT NF-ToN-IoT-v2__binary__sage__seed22 (50/72) test_macro_f1=0.976809
REBUILT NF-ToN-IoT-v2__binary__sage__seed33 (51/72) test_macro_f1=0.978329
REBUILT NF-ToN-IoT-v2__binary__sage_edge__seed11 (52/72) test_macro_f1=0.980789
REBUILT NF-ToN-IoT-v2__binary__sage_edge__seed22 (53/72) test_macro_f1=0.980296
REBUILT NF-ToN-IoT-v2__binary__sage_edge__seed33 (54/72) test_macro_f1=0.980824
REBUILT NF-CSE-CIC-IDS2018-v2__multiclass__edge_mlp__seed11 (55/72) test_macro_f1=0.664172
REBUILT NF-CSE-CIC-IDS2018-v2__multiclass__edge_mlp__seed22 (56/72) test_macro_f1=0.662852
REBUILT NF-CSE-CIC-IDS2018-v2__multiclass__edge_mlp__seed33 (57/72) test_macro_f1=0.655030
REBUILT NF-CSE-CIC-IDS2018-v2__multiclass__sage__seed11 (58/72) test_macro_f1=0.709511
REBUILT NF-CSE-CIC-IDS2018-v2__multiclass__sage__seed22 (59/72) test_macro_f1=0.669430
REBUILT NF-CSE-CIC-IDS2018-v2__multiclass__sage__seed33 (60/72) test_macro_f1=0.717452
REBUILT NF-CSE-CIC-IDS2018-v2__multiclass__sage_edge__seed11 (61/72) test_macro_f1=0.690367
REBUILT NF-CSE-CIC-IDS2018-v2__multiclass__sage_edge__seed22 (62/72) test_macro_f1=0.692850
REBUILT NF-CSE-CIC-IDS2018-v2__multiclass__sage_edge__seed33 (63/72) test_macro_f1=0.678010
REBUILT NF-CSE-CIC-IDS2018-v2__binary__edge_mlp__seed11 (64/72) test_macro_f1=0.984404
REBUILT NF-CSE-CIC-IDS2018-v2__binary__edge_mlp__seed22 (65/72) test_macro_f1=0.982531
REBUILT NF-CSE-CIC-IDS2018-v2__binary__edge_mlp__seed33 (66/72) test_macro_f1=0.983274
REBUILT NF-CSE-CIC-IDS2018-v2__binary__sage__seed11 (67/72) test_macro_f1=0.984131
REBUILT NF-CSE-CIC-IDS2018-v2__binary__sage__seed22 (68/72) test_macro_f1=0.986202
REBUILT NF-CSE-CIC-IDS2018-v2__binary__sage__seed33 (69/72) test_macro_f1=0.983272
REBUILT NF-CSE-CIC-IDS2018-v2__binary__sage_edge__seed11 (70/72) test_macro_f1=0.983528
REBUILT NF-CSE-CIC-IDS2018-v2__binary__sage_edge__seed22 (71/72) test_macro_f1=0.986066
REBUILT NF-CSE-CIC-IDS2018-v2__binary__sage_edge__seed33 (72/72) test_macro_f1=0.986617
Rebuilt or confirmed 72/72 runs
